// Jest Snapshot v1, https://goo.gl/fbAQLP

exports[`Home test testing if renders correctly 1`] = `
<View
  onLayout={[Function]}
  style={
    Array [
      Object {
        "flex": 1,
      },
      Object {
        "backgroundColor": "#333",
      },
    ]
  }
>
  <View
    style={
      Array [
        Object {
          "flex": 1,
          "justifyContent": "space-between",
        },
      ]
    }
  >
    <View
      style={
        Object {
          "padding": 16,
        }
      }
    >
      <Text
        style={
          Object {
            "color": "#fff",
            "fontSize": 18,
            "fontWeight": "bold",
          }
        }
      >
        Atualize os dados da sua cidade
      </Text>
    </View>
    <View
      accessible={true}
      collapsable={false}
      focusable={true}
      onClick={[Function]}
      onResponderGrant={[Function]}
      onResponderMove={[Function]}
      onResponderRelease={[Function]}
      onResponderTerminate={[Function]}
      onResponderTerminationRequest={[Function]}
      onStartShouldSetResponder={[Function]}
      style={
        Object {
          "alignItems": "center",
          "backgroundColor": "#000",
          "height": 48,
          "justifyContent": "center",
          "opacity": 1,
          "width": "100%",
        }
      }
    >
      <Text
        style={
          Object {
            "color": "#939AA4",
            "fontSize": 18,
            "textTransform": "uppercase",
          }
        }
      >
        Atualizar Busca
      </Text>
    </View>
  </View>
</View>
`;
